127.0.0.1 - - [10/Feb/2020:09:28:13 +0530] "GET / HTTP/1.1" 404 709
127.0.0.1 - - [10/Feb/2020:09:28:13 +0530] "GET /SessionManagement/home.html HTTP/1.1" 200 282
127.0.0.1 - - [10/Feb/2020:10:29:43 +0530] "GET / HTTP/1.1" 404 709
0:0:0:0:0:0:0:1 - - [10/Feb/2020:10:29:44 +0530] "GET /jspExamples/index.jsp HTTP/1.1" 200 287
0:0:0:0:0:0:0:1 - - [10/Feb/2020:10:34:46 +0530] "GET /jspExamples/index.jsp HTTP/1.1" 200 336
0:0:0:0:0:0:0:1 - - [10/Feb/2020:10:35:03 +0530] "GET /jspExamples/index.jsp HTTP/1.1" 200 340
0:0:0:0:0:0:0:1 - - [10/Feb/2020:10:35:49 +0530] "GET /jspExamples/index.jsp HTTP/1.1" 200 328
0:0:0:0:0:0:0:1 - - [10/Feb/2020:11:02:58 +0530] "GET /jspExamples/index.jsp HTTP/1.1" 200 328
0:0:0:0:0:0:0:1 - - [10/Feb/2020:11:04:13 +0530] "GET /jspExamples/index.jsp HTTP/1.1" 200 328
127.0.0.1 - - [10/Feb/2020:11:07:57 +0530] "GET / HTTP/1.1" 404 709
127.0.0.1 - - [10/Feb/2020:11:07:58 +0530] "GET /jspExamples/index.jsp HTTP/1.1" 200 328
127.0.0.1 - - [10/Feb/2020:11:11:06 +0530] "GET /jspExamples/index.jsp HTTP/1.1" 200 328
127.0.0.1 - - [10/Feb/2020:11:11:45 +0530] "GET /SessionManagement/index.html HTTP/1.1" 200 218
127.0.0.1 - - [10/Feb/2020:11:11:51 +0530] "GET /SessionManagement/login.html HTTP/1.1" 200 360
0:0:0:0:0:0:0:1 - - [10/Feb/2020:11:11:52 +0530] "GET /SessionManagement/LoginServlet?login=&pswd= HTTP/1.1" 200 390
0:0:0:0:0:0:0:1 - - [10/Feb/2020:11:11:53 +0530] "GET /SessionManagement/LoginServlet?login=&pswd= HTTP/1.1" 200 390
0:0:0:0:0:0:0:1 - - [10/Feb/2020:11:11:54 +0530] "GET /SessionManagement/LoginServlet?login=&pswd= HTTP/1.1" 200 390
0:0:0:0:0:0:0:1 - - [10/Feb/2020:11:11:54 +0530] "GET /SessionManagement/LoginServlet?login=&pswd= HTTP/1.1" 200 390
0:0:0:0:0:0:0:1 - - [10/Feb/2020:11:16:16 +0530] "GET /SessionManagement/LoginServlet?login=bhavani&pswd=admin123 HTTP/1.1" 200 83
0:0:0:0:0:0:0:1 - - [10/Feb/2020:11:16:19 +0530] "GET /SessionManagement/LogoutServlet HTTP/1.1" 200 276
0:0:0:0:0:0:0:1 - - [10/Feb/2020:11:16:22 +0530] "GET /SessionManagement/LogoutServlet HTTP/1.1" 200 276
0:0:0:0:0:0:0:1 - - [10/Feb/2020:11:16:23 +0530] "GET /SessionManagement/ProfileServlet HTTP/1.1" 200 37
0:0:0:0:0:0:0:1 - - [10/Feb/2020:11:16:30 +0530] "GET /SessionManagement/LogoutServlet HTTP/1.1" 200 276
0:0:0:0:0:0:0:1 - - [10/Feb/2020:11:16:31 +0530] "GET /SessionManagement/LogoutServlet HTTP/1.1" 200 276
0:0:0:0:0:0:0:1 - - [10/Feb/2020:11:16:33 +0530] "GET /SessionManagement/ProfileServlet HTTP/1.1" 200 37
127.0.0.1 - - [10/Feb/2020:11:18:14 +0530] "GET /SessionManagement/ProfileServlet HTTP/1.1" 200 37
127.0.0.1 - - [10/Feb/2020:11:19:34 +0530] "GET / HTTP/1.1" 404 709
127.0.0.1 - - [10/Feb/2020:11:19:35 +0530] "GET /SessionManagement/LogoutServlet HTTP/1.1" 200 418
127.0.0.1 - - [10/Feb/2020:11:21:43 +0530] "GET / HTTP/1.1" 404 709
127.0.0.1 - - [10/Feb/2020:11:21:43 +0530] "GET /SessionManagement/ProfileServlet HTTP/1.1" 200 37
127.0.0.1 - - [10/Feb/2020:11:27:27 +0530] "GET / HTTP/1.1" 404 709
127.0.0.1 - - [10/Feb/2020:11:27:31 +0530] "GET /SessionManagement/ProfileServlet HTTP/1.1" 200 37
127.0.0.1 - - [10/Feb/2020:11:56:12 +0530] "GET /jspExamples/factorial.jsp HTTP/1.1" 200 272
127.0.0.1 - - [10/Feb/2020:12:00:39 +0530] "GET /jspExamples/factorial.jsp HTTP/1.1" 200 273
127.0.0.1 - - [10/Feb/2020:12:01:09 +0530] "GET /jspExamples/factorial.jsp HTTP/1.1" 200 272
127.0.0.1 - - [10/Feb/2020:12:03:02 +0530] "GET /jspExamples/factorial.jsp HTTP/1.1" 200 278
127.0.0.1 - - [10/Feb/2020:12:03:21 +0530] "GET /jspExamples/factorial.jsp HTTP/1.1" 200 274
127.0.0.1 - - [10/Feb/2020:14:33:21 +0530] "GET / HTTP/1.1" 404 709
127.0.0.1 - - [10/Feb/2020:14:33:22 +0530] "GET /jspExamples/math.html HTTP/1.1" 200 359
0:0:0:0:0:0:0:1 - - [10/Feb/2020:14:33:36 +0530] "GET /jspExample/Exception.jsp?first=10&second=5 HTTP/1.1" 404 737
127.0.0.1 - - [10/Feb/2020:14:36:05 +0530] "GET /jspExamples/math.html HTTP/1.1" 200 357
0:0:0:0:0:0:0:1 - - [10/Feb/2020:14:36:14 +0530] "GET /jspExample/Exception.jsp?first=10&second=5 HTTP/1.1" 404 737
127.0.0.1 - - [10/Feb/2020:14:39:19 +0530] "GET /jspExamples/math.html HTTP/1.1" 200 353
0:0:0:0:0:0:0:1 - - [10/Feb/2020:14:39:25 +0530] "GET /jspExample/Excep.jsp?first=10&second=5 HTTP/1.1" 404 733
127.0.0.1 - - [10/Feb/2020:14:39:46 +0530] "GET /jspExamples/math.html HTTP/1.1" 200 354
0:0:0:0:0:0:0:1 - - [10/Feb/2020:14:39:58 +0530] "GET /jspExamples/Excep.jsp?first=10&second=5 HTTP/1.1" 200 270
0:0:0:0:0:0:0:1 - - [10/Feb/2020:14:40:03 +0530] "GET /jspExamples/Excep.jsp?first=10&second=0 HTTP/1.1" 404 734
127.0.0.1 - - [10/Feb/2020:14:42:42 +0530] "GET /jspExamples/math.html HTTP/1.1" 304 -
0:0:0:0:0:0:0:1 - - [10/Feb/2020:14:42:46 +0530] "GET /jspExamples/Excep.jsp?first=10&second=0 HTTP/1.1" 404 734
127.0.0.1 - - [10/Feb/2020:14:43:55 +0530] "GET /jspExamples/math.html HTTP/1.1" 304 -
0:0:0:0:0:0:0:1 - - [10/Feb/2020:14:44:00 +0530] "GET /jspExamples/Excep.jsp?first=10&second=0 HTTP/1.1" 404 734
127.0.0.1 - - [10/Feb/2020:14:45:15 +0530] "GET /jspExamples/math.html HTTP/1.1" 304 -
0:0:0:0:0:0:0:1 - - [10/Feb/2020:14:45:24 +0530] "GET /jspExamples/Excep.jsp?first=10&second=0 HTTP/1.1" 404 734
127.0.0.1 - - [10/Feb/2020:14:46:32 +0530] "GET /jspExamples/math.html HTTP/1.1" 304 -
0:0:0:0:0:0:0:1 - - [10/Feb/2020:14:46:37 +0530] "GET /jspExamples/Excep.jsp?first=10&second=0 HTTP/1.1" 500 302
127.0.0.1 - - [10/Feb/2020:14:47:21 +0530] "GET /jspExamples/Excep.jsp HTTP/1.1" 500 302
127.0.0.1 - - [10/Feb/2020:14:47:28 +0530] "GET /jspExamples/Excep.jsp HTTP/1.1" 500 302
127.0.0.1 - - [10/Feb/2020:14:47:36 +0530] "GET /jspExamples/math.html HTTP/1.1" 304 -
0:0:0:0:0:0:0:1 - - [10/Feb/2020:14:47:41 +0530] "GET /jspExamples/Excep.jsp?first=10&second=5 HTTP/1.1" 200 270
0:0:0:0:0:0:0:1 - - [10/Feb/2020:14:47:46 +0530] "GET /jspExamples/Excep.jsp?first=10&second=0 HTTP/1.1" 500 302
127.0.0.1 - - [10/Feb/2020:14:52:17 +0530] "GET /jspExamples/login.html HTTP/1.1" 200 361
0:0:0:0:0:0:0:1 - - [10/Feb/2020:14:52:27 +0530] "GET /jspExamples/LoginValidation.jsp?login=ganga&pswd=cts1234 HTTP/1.1" 200 282
127.0.0.1 - - [10/Feb/2020:14:53:12 +0530] "GET /jspExamples/LoginValidation.jsp HTTP/1.1" 500 2406
127.0.0.1 - - [10/Feb/2020:14:53:40 +0530] "GET /jspExamples/login.html HTTP/1.1" 304 -
0:0:0:0:0:0:0:1 - - [10/Feb/2020:14:53:48 +0530] "GET /jspExamples/LoginValidation.jsp?login=ganga&pswd=cts1234 HTTP/1.1" 200 291
127.0.0.1 - - [10/Feb/2020:14:55:30 +0530] "GET /jspExamples/login.html HTTP/1.1" 304 -
0:0:0:0:0:0:0:1 - - [10/Feb/2020:14:55:49 +0530] "GET /jspExamples/LoginValidation.jsp?login=ganga&pswd=cts1234 HTTP/1.1" 200 291
127.0.0.1 - - [10/Feb/2020:14:59:58 +0530] "GET /jspExamples/LoginValidation.jsp HTTP/1.1" 500 2212
127.0.0.1 - - [10/Feb/2020:15:00:35 +0530] "GET /jspExamples/login.html HTTP/1.1" 304 -
0:0:0:0:0:0:0:1 - - [10/Feb/2020:15:00:43 +0530] "GET /jspExamples/LoginValidation.jsp?login=ganga&pswd=cts1234 HTTP/1.1" 500 2212
0:0:0:0:0:0:0:1 - - [10/Feb/2020:15:02:06 +0530] "GET /jspExamples/LoginValidation.jsp?login=ganga&pswd=cts1234 HTTP/1.1" 200 317
127.0.0.1 - - [10/Feb/2020:15:34:21 +0530] "GET /jspExamples/login.html HTTP/1.1" 304 -
0:0:0:0:0:0:0:1 - - [10/Feb/2020:15:34:28 +0530] "GET /jspExamples/LoginValidation.jsp?login=admin&pswd=1234 HTTP/1.1" 200 282
0:0:0:0:0:0:0:1 - - [10/Feb/2020:15:34:35 +0530] "GET /jspExamples/LoginValidation.jsp?login=admin&pswd=admin HTTP/1.1" 200 282
0:0:0:0:0:0:0:1 - - [10/Feb/2020:15:34:37 +0530] "GET /jspExamples/LoginValidation.jsp?login=admin&pswd= HTTP/1.1" 200 282
0:0:0:0:0:0:0:1 - - [10/Feb/2020:15:35:04 +0530] "GET /jspExamples/LoginValidation.jsp?login=&pswd= HTTP/1.1" 200 284
0:0:0:0:0:0:0:1 - - [10/Feb/2020:15:35:14 +0530] "GET /jspExamples/LoginValidation.jsp?login=admin&pswd=admin HTTP/1.1" 200 282
0:0:0:0:0:0:0:1 - - [10/Feb/2020:15:36:51 +0530] "GET /SessionManagement/LoginServlet?login=praveen&pswd=admin123 HTTP/1.1" 200 83
0:0:0:0:0:0:0:1 - - [10/Feb/2020:15:36:53 +0530] "GET /SessionManagement/LogoutServlet HTTP/1.1" 200 418
127.0.0.1 - - [10/Feb/2020:15:36:59 +0530] "GET /SessionManagement/ProfileServlet HTTP/1.1" 200 37
127.0.0.1 - - [10/Feb/2020:15:41:57 +0530] "GET /jspExamples/login.html HTTP/1.1" 304 -
0:0:0:0:0:0:0:1 - - [10/Feb/2020:15:42:05 +0530] "GET /jspExamples/LoginValidation.jsp?login=admin&pswd=admin HTTP/1.1" 200 312
0:0:0:0:0:0:0:1 - - [10/Feb/2020:15:42:10 +0530] "GET /jspExamples/LoginValidation.jsp?login=admin&pswd=jkfhsdjlh HTTP/1.1" 200 314
0:0:0:0:0:0:0:1 - - [10/Feb/2020:15:45:07 +0530] "GET /jspExamples/LoginValidation.jsp?login=admin&pswd=admin HTTP/1.1" 200 327
0:0:0:0:0:0:0:1 - - [10/Feb/2020:15:46:08 +0530] "GET /jspExamples/LoginValidation.jsp?login=ad&pswd= HTTP/1.1" 200 329
0:0:0:0:0:0:0:1 - - [10/Feb/2020:15:46:17 +0530] "GET /jspExamples/LoginValidation.jsp?login=admin&pswd=admin HTTP/1.1" 200 327
127.0.0.1 - - [10/Feb/2020:16:01:13 +0530] "GET /jspExamples/show.html HTTP/1.1" 200 244
0:0:0:0:0:0:0:1 - - [10/Feb/2020:16:01:14 +0530] "GET /jspExamples/Showtable.jsp HTTP/1.1" 200 341
127.0.0.1 - - [10/Feb/2020:16:06:35 +0530] "GET /jspExamples/show.html HTTP/1.1" 304 -
0:0:0:0:0:0:0:1 - - [10/Feb/2020:16:06:36 +0530] "GET /jspExamples/Showtable.jsp HTTP/1.1" 200 265
127.0.0.1 - - [10/Feb/2020:16:16:53 +0530] "GET /jspExamples/show.html HTTP/1.1" 304 -
0:0:0:0:0:0:0:1 - - [10/Feb/2020:16:16:54 +0530] "GET /jspExamples/Showtable.jsp HTTP/1.1" 500 4050
127.0.0.1 - - [10/Feb/2020:16:35:11 +0530] "GET /jspExamples/show.html HTTP/1.1" 304 -
0:0:0:0:0:0:0:1 - - [10/Feb/2020:16:35:12 +0530] "GET /jspExamples/Showtable.jsp HTTP/1.1" 200 479
127.0.0.1 - - [10/Feb/2020:16:36:32 +0530] "GET /jspExamples/Showtable.jsp HTTP/1.1" 200 479
0:0:0:0:0:0:0:1 - - [10/Feb/2020:16:38:00 +0530] "GET /jspExamples/Showtable.jsp HTTP/1.1" 200 455
127.0.0.1 - - [10/Feb/2020:16:41:35 +0530] "GET /jspExamples/show.html HTTP/1.1" 304 -
0:0:0:0:0:0:0:1 - - [10/Feb/2020:16:41:48 +0530] "GET /jspExamples/Showtable.jsp HTTP/1.1" 200 470
0:0:0:0:0:0:0:1 - - [10/Feb/2020:16:42:52 +0530] "GET /jspExamples/Showtable.jsp HTTP/1.1" 200 539
127.0.0.1 - - [10/Feb/2020:16:47:43 +0530] "GET /jspExamples/show.html HTTP/1.1" 304 -
0:0:0:0:0:0:0:1 - - [10/Feb/2020:16:47:45 +0530] "GET /jspExamples/Showtable.jsp HTTP/1.1" 200 583
0:0:0:0:0:0:0:1 - - [10/Feb/2020:16:49:40 +0530] "GET /jspExamples/Showtable.jsp HTTP/1.1" 200 569
0:0:0:0:0:0:0:1 - - [10/Feb/2020:16:50:27 +0530] "GET /jspExamples/Showtable.jsp HTTP/1.1" 200 560
127.0.0.1 - - [10/Feb/2020:16:54:28 +0530] "GET /jspExamples/show.html HTTP/1.1" 304 -
0:0:0:0:0:0:0:1 - - [10/Feb/2020:16:54:29 +0530] "GET /jspExamples/Showtable.jsp HTTP/1.1" 200 569
127.0.0.1 - - [10/Feb/2020:17:33:01 +0530] "GET /jspExamples/home_update.html HTTP/1.1" 200 163
127.0.0.1 - - [10/Feb/2020:17:33:03 +0530] "GET /jspExamples/search.html HTTP/1.1" 200 282
0:0:0:0:0:0:0:1 - - [10/Feb/2020:17:33:15 +0530] "GET /jspExamples/Update.jsp?id=844342 HTTP/1.1" 200 270
