127.0.0.1 - - [06/Feb/2020:09:00:14 +0530] "GET / HTTP/1.1" 404 709
127.0.0.1 - - [06/Feb/2020:09:00:15 +0530] "GET /ctsservlet/index.html HTTP/1.1" 200 368
0:0:0:0:0:0:0:1 - - [06/Feb/2020:09:00:36 +0530] "POST /ctsservlet/LoginValidation HTTP/1.1" 200 14
127.0.0.1 - - [06/Feb/2020:09:04:34 +0530] "GET / HTTP/1.1" 404 709
127.0.0.1 - - [06/Feb/2020:09:04:34 +0530] "GET /ctsservlet/index.html HTTP/1.1" 304 -
0:0:0:0:0:0:0:1 - - [06/Feb/2020:09:04:40 +0530] "POST /ctsservlet/LoginValidation HTTP/1.1" 200 14
127.0.0.1 - - [06/Feb/2020:09:14:04 +0530] "GET /ctsservlet/index.html HTTP/1.1" 304 -
0:0:0:0:0:0:0:1 - - [06/Feb/2020:09:14:14 +0530] "POST /ctsservlet/LoginValidation HTTP/1.1" 200 14
127.0.0.1 - - [06/Feb/2020:09:15:35 +0530] "GET /ctsservlet/index.html HTTP/1.1" 304 -
0:0:0:0:0:0:0:1 - - [06/Feb/2020:09:15:43 +0530] "POST /ctsservlet/LoginValidation HTTP/1.1" 200 14
127.0.0.1 - - [06/Feb/2020:09:19:31 +0530] "GET / HTTP/1.1" 404 709
127.0.0.1 - - [06/Feb/2020:09:19:31 +0530] "GET /ctsservlet/index.html HTTP/1.1" 304 -
0:0:0:0:0:0:0:1 - - [06/Feb/2020:09:19:53 +0530] "POST /ctsservlet/LoginValidation HTTP/1.1" 200 14
0:0:0:0:0:0:0:1 - - [06/Feb/2020:09:21:14 +0530] "POST /ctsservlet/LoginValidation HTTP/1.1" 200 14
127.0.0.1 - - [06/Feb/2020:09:21:51 +0530] "GET / HTTP/1.1" 404 709
127.0.0.1 - - [06/Feb/2020:09:21:51 +0530] "GET /ctsservlet/LoginValidation HTTP/1.1" 200 14
127.0.0.1 - - [06/Feb/2020:09:22:46 +0530] "GET / HTTP/1.1" 404 709
127.0.0.1 - - [06/Feb/2020:09:22:46 +0530] "GET /ctsservlet/index.html HTTP/1.1" 304 -
0:0:0:0:0:0:0:1 - - [06/Feb/2020:09:22:52 +0530] "POST /ctsservlet/LoginValidation HTTP/1.1" 200 56
0:0:0:0:0:0:0:1 - - [06/Feb/2020:09:23:06 +0530] "POST /ctsservlet/LoginValidation HTTP/1.1" 200 54
0:0:0:0:0:0:0:1 - - [06/Feb/2020:09:24:13 +0530] "POST /ctsservlet/LoginValidation HTTP/1.1" 200 54
127.0.0.1 - - [06/Feb/2020:09:24:15 +0530] "GET /ctsservlet/index.html HTTP/1.1" 200 380
127.0.0.1 - - [06/Feb/2020:09:24:23 +0530] "GET /ctsservlet/index.html HTTP/1.1" 304 -
0:0:0:0:0:0:0:1 - - [06/Feb/2020:09:25:07 +0530] "POST /ctsservlet/LoginValidation HTTP/1.1" 200 56
0:0:0:0:0:0:0:1 - - [06/Feb/2020:09:25:16 +0530] "POST /ctsservlet/LoginValidation HTTP/1.1" 200 54
127.0.0.1 - - [06/Feb/2020:09:57:40 +0530] "GET /ctsservlet/register.html HTTP/1.1" 200 730
127.0.0.1 - - [06/Feb/2020:10:10:36 +0530] "GET / HTTP/1.1" 404 709
127.0.0.1 - - [06/Feb/2020:10:10:36 +0530] "GET /ctsservlet/register.html HTTP/1.1" 200 766
0:0:0:0:0:0:0:1 - - [06/Feb/2020:10:11:06 +0530] "GET /ctsservlet/RegistrationServlet?name=ganga&dept=cse&desg=pat&company=cts&email=ganga@gmail.com&ph_num=785676989 HTTP/1.1" 500 1832
127.0.0.1 - - [06/Feb/2020:10:12:50 +0530] "GET / HTTP/1.1" 404 709
127.0.0.1 - - [06/Feb/2020:10:12:50 +0530] "GET /ctsservlet/register.html HTTP/1.1" 304 -
0:0:0:0:0:0:0:1 - - [06/Feb/2020:10:13:24 +0530] "GET /ctsservlet/RegistrationServlet?name=ganga&dept=cse&desg=pat&company=cts&email=ganga@gmail.com&ph_num=908767567 HTTP/1.1" 200 66
127.0.0.1 - - [06/Feb/2020:10:22:22 +0530] "GET /ctsservlet/search.html HTTP/1.1" 200 276
127.0.0.1 - - [06/Feb/2020:10:40:08 +0530] "GET / HTTP/1.1" 404 709
127.0.0.1 - - [06/Feb/2020:10:40:09 +0530] "GET /ctsservlet/register.html HTTP/1.1" 304 -
127.0.0.1 - - [06/Feb/2020:10:40:20 +0530] "GET /ctsservlet/search.html HTTP/1.1" 304 -
0:0:0:0:0:0:0:1 - - [06/Feb/2020:10:40:25 +0530] "GET /ctsservlet/SearchServlet?name=ganga HTTP/1.1" 200 54
0:0:0:0:0:0:0:1 - - [06/Feb/2020:10:42:05 +0530] "GET /ctsservlet/RegistrationServlet?name=bhavani&dept=cse&desg=pat&company=cts&email=bh@gmail.com&ph_num=786544559 HTTP/1.1" 200 66
127.0.0.1 - - [06/Feb/2020:10:43:41 +0530] "GET / HTTP/1.1" 404 709
0:0:0:0:0:0:0:1 - - [06/Feb/2020:10:44:09 +0530] "GET /ctsservlet/RegistrationServlet?name=aki&dept=cse&desg=pat&company=cts&email=a@gmail.com&ph_num=23459876 HTTP/1.1" 200 66
127.0.0.1 - - [06/Feb/2020:10:45:43 +0530] "GET / HTTP/1.1" 404 709
127.0.0.1 - - [06/Feb/2020:10:45:44 +0530] "GET /ctsservlet/search.html HTTP/1.1" 304 -
0:0:0:0:0:0:0:1 - - [06/Feb/2020:10:45:49 +0530] "GET /ctsservlet/SearchServlet?name=aki HTTP/1.1" 200 52
0:0:0:0:0:0:0:1 - - [06/Feb/2020:10:46:02 +0530] "GET /ctsservlet/SearchServlet?name=satish HTTP/1.1" 200 42
127.0.0.1 - - [06/Feb/2020:10:47:35 +0530] "GET / HTTP/1.1" 404 709
0:0:0:0:0:0:0:1 - - [06/Feb/2020:10:47:41 +0530] "GET /ctsservlet/SearchServlet?name=aki HTTP/1.1" 200 62
127.0.0.1 - - [06/Feb/2020:10:48:37 +0530] "GET /ctsservlet/search.html HTTP/1.1" 200 295
0:0:0:0:0:0:0:1 - - [06/Feb/2020:10:48:49 +0530] "GET /ctsservlet/SearchServlet?name=ganga HTTP/1.1" 200 64
127.0.0.1 - - [06/Feb/2020:12:16:13 +0530] "GET / HTTP/1.1" 404 709
0:0:0:0:0:0:0:1 - - [06/Feb/2020:12:16:14 +0530] "GET /servletchaning/ServletChaining1 HTTP/1.1" 200 59
127.0.0.1 - - [06/Feb/2020:12:17:43 +0530] "GET / HTTP/1.1" 404 709
0:0:0:0:0:0:0:1 - - [06/Feb/2020:12:17:44 +0530] "GET /servletchaning/ServletChaining1 HTTP/1.1" 200 163
127.0.0.1 - - [06/Feb/2020:12:40:42 +0530] "GET / HTTP/1.1" 404 709
0:0:0:0:0:0:0:1 - - [06/Feb/2020:12:40:43 +0530] "GET /webapp1/Serv1 HTTP/1.1" 500 14
127.0.0.1 - - [06/Feb/2020:12:41:26 +0530] "GET / HTTP/1.1" 404 709
0:0:0:0:0:0:0:1 - - [06/Feb/2020:12:41:27 +0530] "GET /webapp1/Serv1 HTTP/1.1" 500 14
127.0.0.1 - - [06/Feb/2020:12:41:52 +0530] "GET / HTTP/1.1" 404 709
0:0:0:0:0:0:0:1 - - [06/Feb/2020:12:41:52 +0530] "GET /webapp1/Serv1 HTTP/1.1" 500 14
127.0.0.1 - - [06/Feb/2020:12:43:06 +0530] "GET / HTTP/1.1" 404 709
0:0:0:0:0:0:0:1 - - [06/Feb/2020:12:43:07 +0530] "GET /webapp1/Serv1 HTTP/1.1" 500 14
127.0.0.1 - - [06/Feb/2020:15:15:17 +0530] "GET / HTTP/1.1" 404 709
0:0:0:0:0:0:0:1 - - [06/Feb/2020:15:15:18 +0530] "GET /ctsservlet/index.html HTTP/1.1" 200 379
0:0:0:0:0:0:0:1 - - [06/Feb/2020:15:15:27 +0530] "POST /ctsservlet/LoginValidation HTTP/1.1" 302 -
0:0:0:0:0:0:0:1 - - [06/Feb/2020:15:15:27 +0530] "GET /ctsservlet/register.html HTTP/1.1" 200 766
127.0.0.1 - - [06/Feb/2020:15:18:41 +0530] "GET / HTTP/1.1" 404 709
0:0:0:0:0:0:0:1 - - [06/Feb/2020:15:18:51 +0530] "POST /ctsservlet/LoginValidation HTTP/1.1" 302 -
0:0:0:0:0:0:0:1 - - [06/Feb/2020:15:18:51 +0530] "GET /ctsservlet/register.html HTTP/1.1" 200 766
127.0.0.1 - - [06/Feb/2020:16:01:52 +0530] "GET / HTTP/1.1" 404 709
0:0:0:0:0:0:0:1 - - [06/Feb/2020:16:01:53 +0530] "GET /webapp1/sample.html HTTP/1.1" 200 466
0:0:0:0:0:0:0:1 - - [06/Feb/2020:16:02:10 +0530] "GET /webapp1/Servlet1?name=satish&dept=cse&desg=fullstack HTTP/1.1" 200 59
127.0.0.1 - - [06/Feb/2020:17:11:56 +0530] "GET / HTTP/1.1" 404 709
0:0:0:0:0:0:0:1 - - [06/Feb/2020:17:11:56 +0530] "GET /webapp1/sample.html HTTP/1.1" 304 -
0:0:0:0:0:0:0:1 - - [06/Feb/2020:17:12:12 +0530] "GET /webapp1/Servlet1?name=Praveen&dept=DataWare&desg=Programmer HTTP/1.1" 200 59
127.0.0.1 - - [06/Feb/2020:17:13:25 +0530] "GET / HTTP/1.1" 404 709
0:0:0:0:0:0:0:1 - - [06/Feb/2020:17:13:34 +0530] "GET /webapp1/Servlet1?name=Karan&dept=Testing&desg=Tester HTTP/1.1" 200 59
0:0:0:0:0:0:0:1 - - [06/Feb/2020:17:15:07 +0530] "GET /ctsservlet/index.html HTTP/1.1" 304 -
0:0:0:0:0:0:0:1 - - [06/Feb/2020:17:15:13 +0530] "POST /ctsservlet/LoginValidation HTTP/1.1" 302 -
0:0:0:0:0:0:0:1 - - [06/Feb/2020:17:15:13 +0530] "GET /ctsservlet/register.html HTTP/1.1" 200 766
127.0.0.1 - - [06/Feb/2020:17:15:55 +0530] "GET / HTTP/1.1" 404 709
0:0:0:0:0:0:0:1 - - [06/Feb/2020:17:15:56 +0530] "GET /ctsservlet/LoginValidation HTTP/1.1" 200 14
0:0:0:0:0:0:0:1 - - [06/Feb/2020:17:16:06 +0530] "GET /ctsservlet/index.html HTTP/1.1" 304 -
0:0:0:0:0:0:0:1 - - [06/Feb/2020:17:16:19 +0530] "POST /ctsservlet/LoginValidation HTTP/1.1" 200 54
0:0:0:0:0:0:0:1 - - [06/Feb/2020:17:16:23 +0530] "POST /ctsservlet/LoginValidation HTTP/1.1" 302 -
0:0:0:0:0:0:0:1 - - [06/Feb/2020:17:16:23 +0530] "GET /ctsservlet/register.html HTTP/1.1" 200 766
127.0.0.1 - - [06/Feb/2020:17:28:03 +0530] "GET / HTTP/1.1" 404 709
0:0:0:0:0:0:0:1 - - [06/Feb/2020:17:28:04 +0530] "GET /webapp1/Servlet2 HTTP/1.1" 200 59
0:0:0:0:0:0:0:1 - - [06/Feb/2020:17:28:18 +0530] "GET /webapp1/sample.html HTTP/1.1" 304 -
0:0:0:0:0:0:0:1 - - [06/Feb/2020:17:28:39 +0530] "GET /webapp1/Servlet1?name=anitha&dept=.net&desg=devp HTTP/1.1" 200 59
