127.0.0.1 - - [07/Feb/2020:10:15:25 +0530] "GET / HTTP/1.1" 404 709
127.0.0.1 - - [07/Feb/2020:10:15:25 +0530] "GET /ctsservlet/index.html HTTP/1.1" 200 378
0:0:0:0:0:0:0:1 - - [07/Feb/2020:10:15:45 +0530] "POST /ctsservlet/SessionServlet HTTP/1.1" 500 57
127.0.0.1 - - [07/Feb/2020:10:16:09 +0530] "GET /ctsservlet/index.html HTTP/1.1" 200 379
0:0:0:0:0:0:0:1 - - [07/Feb/2020:10:16:18 +0530] "POST /ctsservlet/SessionServlet1 HTTP/1.1" 404 739
127.0.0.1 - - [07/Feb/2020:10:18:35 +0530] "GET / HTTP/1.1" 404 709
127.0.0.1 - - [07/Feb/2020:10:18:35 +0530] "GET /ctsservlet/index.html HTTP/1.1" 304 -
0:0:0:0:0:0:0:1 - - [07/Feb/2020:10:18:44 +0530] "POST /ctsservlet/SessionServlet1 HTTP/1.1" 404 739
127.0.0.1 - - [07/Feb/2020:10:19:30 +0530] "GET /ctsservlet/index.html HTTP/1.1" 200 378
0:0:0:0:0:0:0:1 - - [07/Feb/2020:10:19:36 +0530] "POST /ctsservlet/SessionServlet HTTP/1.1" 500 57
127.0.0.1 - - [07/Feb/2020:10:20:23 +0530] "GET /ctsservlet/SessinonServlet1 HTTP/1.1" 500 14
127.0.0.1 - - [07/Feb/2020:10:20:41 +0530] "GET /ctsservlet/index.html HTTP/1.1" 304 -
0:0:0:0:0:0:0:1 - - [07/Feb/2020:10:20:49 +0530] "POST /ctsservlet/SessionServlet HTTP/1.1" 500 57
0:0:0:0:0:0:0:1 - - [07/Feb/2020:10:21:23 +0530] "GET /ctsservlet/SessionServlet1 HTTP/1.1" 404 739
127.0.0.1 - - [07/Feb/2020:10:31:53 +0530] "GET / HTTP/1.1" 404 709
127.0.0.1 - - [07/Feb/2020:10:31:53 +0530] "GET /ctsservlet/index.html HTTP/1.1" 304 -
0:0:0:0:0:0:0:1 - - [07/Feb/2020:10:32:01 +0530] "POST /ctsservlet/SessionServlet HTTP/1.1" 500 1726
127.0.0.1 - - [07/Feb/2020:10:34:35 +0530] "GET / HTTP/1.1" 404 709
127.0.0.1 - - [07/Feb/2020:10:34:36 +0530] "GET /ctsservlet/index.html HTTP/1.1" 304 -
0:0:0:0:0:0:0:1 - - [07/Feb/2020:10:34:45 +0530] "POST /ctsservlet/SessionServlet HTTP/1.1" 500 1726
127.0.0.1 - - [07/Feb/2020:10:36:59 +0530] "GET / HTTP/1.1" 404 709
127.0.0.1 - - [07/Feb/2020:10:36:59 +0530] "GET /ctsservlet/index.html HTTP/1.1" 200 365
0:0:0:0:0:0:0:1 - - [07/Feb/2020:10:37:12 +0530] "GET /ctsservlet/SessionServlet?login=+admin&pswd=admin HTTP/1.1" 500 1669
127.0.0.1 - - [07/Feb/2020:10:37:33 +0530] "GET /ctsservlet/SessionServlet HTTP/1.1" 200 19
127.0.0.1 - - [07/Feb/2020:10:37:44 +0530] "GET /ctsservlet/index.html HTTP/1.1" 304 -
0:0:0:0:0:0:0:1 - - [07/Feb/2020:10:37:50 +0530] "GET /ctsservlet/SessionServlet?login=+ganga&pswd=bhanu HTTP/1.1" 500 1669
127.0.0.1 - - [07/Feb/2020:10:39:14 +0530] "GET /ctsservlet/SessinonServlet1 HTTP/1.1" 200 46
127.0.0.1 - - [07/Feb/2020:10:40:37 +0530] "GET /ctsservlet/index.html HTTP/1.1" 200 355
0:0:0:0:0:0:0:1 - - [07/Feb/2020:10:40:43 +0530] "GET /ctsservlet/SessionServlet?login=ganga&pswd=bhanu HTTP/1.1" 200 21
0:0:0:0:0:0:0:1 - - [07/Feb/2020:10:41:18 +0530] "GET /ctsservlet/SessionServlet1 HTTP/1.1" 404 739
0:0:0:0:0:0:0:1 - - [07/Feb/2020:10:41:43 +0530] "GET /ctsservlet/SessinonServlet1 HTTP/1.1" 200 56
127.0.0.1 - - [07/Feb/2020:11:26:31 +0530] "GET / HTTP/1.1" 404 709
0:0:0:0:0:0:0:1 - - [07/Feb/2020:11:26:32 +0530] "GET /SessionManagement/index.html HTTP/1.1" 200 218
0:0:0:0:0:0:0:1 - - [07/Feb/2020:11:26:34 +0530] "GET /SessionManagement/login.html HTTP/1.1" 200 360
0:0:0:0:0:0:0:1 - - [07/Feb/2020:11:26:45 +0530] "GET /SessionManagement/LoginServlet?login=admin&pswd=admin123 HTTP/1.1" 200 43
0:0:0:0:0:0:0:1 - - [07/Feb/2020:11:27:20 +0530] "GET /SessionManagement/login.html HTTP/1.1" 304 -
0:0:0:0:0:0:0:1 - - [07/Feb/2020:11:27:35 +0530] "GET /SessionManagement/LoginServlet?login=ganga&pswd=ganga HTTP/1.1" 302 -
0:0:0:0:0:0:0:1 - - [07/Feb/2020:11:27:35 +0530] "GET /SessionManagement/login.html HTTP/1.1" 304 -
0:0:0:0:0:0:0:1 - - [07/Feb/2020:11:27:36 +0530] "GET /SessionManagement/LoginServlet?login=&pswd= HTTP/1.1" 302 -
0:0:0:0:0:0:0:1 - - [07/Feb/2020:11:27:36 +0530] "GET /SessionManagement/login.html HTTP/1.1" 304 -
0:0:0:0:0:0:0:1 - - [07/Feb/2020:11:27:36 +0530] "GET /SessionManagement/LoginServlet?login=&pswd= HTTP/1.1" 302 -
0:0:0:0:0:0:0:1 - - [07/Feb/2020:11:27:36 +0530] "GET /SessionManagement/login.html HTTP/1.1" 304 -
127.0.0.1 - - [07/Feb/2020:11:30:43 +0530] "GET / HTTP/1.1" 404 709
0:0:0:0:0:0:0:1 - - [07/Feb/2020:11:30:44 +0530] "GET /SessionManagement/LoginServlet HTTP/1.1" 500 1078
0:0:0:0:0:0:0:1 - - [07/Feb/2020:11:30:56 +0530] "GET /SessionManagement/index.html HTTP/1.1" 304 -
0:0:0:0:0:0:0:1 - - [07/Feb/2020:11:30:58 +0530] "GET /SessionManagement/login.html HTTP/1.1" 304 -
0:0:0:0:0:0:0:1 - - [07/Feb/2020:11:31:07 +0530] "GET /SessionManagement/LoginServlet?login=ganga&pswd=ganga HTTP/1.1" 500 20
127.0.0.1 - - [07/Feb/2020:11:32:03 +0530] "GET / HTTP/1.1" 404 709
0:0:0:0:0:0:0:1 - - [07/Feb/2020:11:32:04 +0530] "GET /SessionManagement/LoginServlet HTTP/1.1" 500 1078
0:0:0:0:0:0:0:1 - - [07/Feb/2020:11:32:13 +0530] "GET /SessionManagement/login.html HTTP/1.1" 304 -
0:0:0:0:0:0:0:1 - - [07/Feb/2020:11:32:24 +0530] "GET /SessionManagement/LoginServlet?login=bhanu&pswd=bhanu HTTP/1.1" 200 380
127.0.0.1 - - [07/Feb/2020:11:33:23 +0530] "GET / HTTP/1.1" 404 709
0:0:0:0:0:0:0:1 - - [07/Feb/2020:11:33:23 +0530] "GET /SessionManagement/LoginServlet HTTP/1.1" 500 1078
0:0:0:0:0:0:0:1 - - [07/Feb/2020:11:33:59 +0530] "GET /SessionManagement/login.html HTTP/1.1" 304 -
0:0:0:0:0:0:0:1 - - [07/Feb/2020:11:34:08 +0530] "GET /SessionManagement/LoginServlet?login=admin&pswd=admin123 HTTP/1.1" 200 43
0:0:0:0:0:0:0:1 - - [07/Feb/2020:11:34:18 +0530] "GET /SessionManagement/LoginServlet?login=admin&pswd=ghdfjhkjdg HTTP/1.1" 200 390
0:0:0:0:0:0:0:1 - - [07/Feb/2020:11:34:30 +0530] "GET /SessionManagement/ProfileServlet HTTP/1.1" 200 35
127.0.0.1 - - [07/Feb/2020:11:40:54 +0530] "GET / HTTP/1.1" 404 709
0:0:0:0:0:0:0:1 - - [07/Feb/2020:11:40:55 +0530] "GET /SessionManagement/index.html HTTP/1.1" 304 -
0:0:0:0:0:0:0:1 - - [07/Feb/2020:11:40:57 +0530] "GET /SessionManagement/login.html HTTP/1.1" 304 -
0:0:0:0:0:0:0:1 - - [07/Feb/2020:11:41:06 +0530] "GET /SessionManagement/LoginServlet?login=admin&pswd=admin123 HTTP/1.1" 200 43
0:0:0:0:0:0:0:1 - - [07/Feb/2020:11:41:14 +0530] "GET /SessionManagement/ProfileServlet HTTP/1.1" 200 35
0:0:0:0:0:0:0:1 - - [07/Feb/2020:11:41:21 +0530] "GET /SessionManagement/LogoutServlet HTTP/1.1" 200 58
0:0:0:0:0:0:0:1 - - [07/Feb/2020:11:41:28 +0530] "GET /SessionManagement/ProfileServlet HTTP/1.1" 200 35
0:0:0:0:0:0:0:1 - - [07/Feb/2020:11:41:40 +0530] "GET /SessionManagement/LoginServlet?login=ganga&pswd=admin123 HTTP/1.1" 200 43
0:0:0:0:0:0:0:1 - - [07/Feb/2020:11:41:52 +0530] "GET /SessionManagement/ProfileServlet HTTP/1.1" 200 35
0:0:0:0:0:0:0:1 - - [07/Feb/2020:11:41:56 +0530] "GET /SessionManagement/LogoutServlet HTTP/1.1" 200 58
0:0:0:0:0:0:0:1 - - [07/Feb/2020:11:42:16 +0530] "GET /SessionManagement/LoginServlet?login=aki&pswd=aki HTTP/1.1" 200 390
127.0.0.1 - - [07/Feb/2020:11:45:06 +0530] "GET / HTTP/1.1" 404 709
0:0:0:0:0:0:0:1 - - [07/Feb/2020:11:45:06 +0530] "GET /SessionManagement/LoginServlet HTTP/1.1" 500 1078
0:0:0:0:0:0:0:1 - - [07/Feb/2020:11:45:30 +0530] "GET /SessionManagement/login.html HTTP/1.1" 304 -
0:0:0:0:0:0:0:1 - - [07/Feb/2020:11:45:43 +0530] "GET /SessionManagement/LoginServlet?login=bhanu&pswd=admin123 HTTP/1.1" 200 77
0:0:0:0:0:0:0:1 - - [07/Feb/2020:11:45:48 +0530] "GET /SessionManagement/LogoutServlet HTTP/1.1" 200 58
127.0.0.1 - - [07/Feb/2020:11:48:51 +0530] "GET / HTTP/1.1" 404 709
0:0:0:0:0:0:0:1 - - [07/Feb/2020:11:48:52 +0530] "GET /SessionManagement/LoginServlet HTTP/1.1" 500 1078
0:0:0:0:0:0:0:1 - - [07/Feb/2020:11:49:01 +0530] "GET /SessionManagement/index.html HTTP/1.1" 304 -
0:0:0:0:0:0:0:1 - - [07/Feb/2020:11:49:03 +0530] "GET /SessionManagement/login.html HTTP/1.1" 304 -
0:0:0:0:0:0:0:1 - - [07/Feb/2020:11:49:11 +0530] "GET /SessionManagement/LoginServlet?login=bhanu&pswd=admin123 HTTP/1.1" 200 81
0:0:0:0:0:0:0:1 - - [07/Feb/2020:11:49:13 +0530] "GET /SessionManagement/LogoutServlet HTTP/1.1" 200 58
0:0:0:0:0:0:0:1 - - [07/Feb/2020:11:49:18 +0530] "GET /SessionManagement/LogoutServlet HTTP/1.1" 200 58
0:0:0:0:0:0:0:1 - - [07/Feb/2020:11:49:36 +0530] "GET /SessionManagement/LogoutServlet HTTP/1.1" 200 58
0:0:0:0:0:0:0:1 - - [07/Feb/2020:11:49:46 +0530] "GET /SessionManagement/ProfileServlet HTTP/1.1" 200 35
0:0:0:0:0:0:0:1 - - [07/Feb/2020:11:49:52 +0530] "GET /SessionManagement/LogoutServlet HTTP/1.1" 200 58
0:0:0:0:0:0:0:1 - - [07/Feb/2020:11:49:59 +0530] "GET /SessionManagement/ProfileServlet HTTP/1.1" 200 35
127.0.0.1 - - [07/Feb/2020:11:52:38 +0530] "GET / HTTP/1.1" 404 709
0:0:0:0:0:0:0:1 - - [07/Feb/2020:11:52:38 +0530] "GET /SessionManagement/LogoutServlet HTTP/1.1" 200 276
0:0:0:0:0:0:0:1 - - [07/Feb/2020:11:54:00 +0530] "GET /SessionManagement/login.html HTTP/1.1" 304 -
0:0:0:0:0:0:0:1 - - [07/Feb/2020:11:54:07 +0530] "GET /SessionManagement/LoginServlet?login=bhanu&pswd=admin123 HTTP/1.1" 200 81
0:0:0:0:0:0:0:1 - - [07/Feb/2020:11:54:11 +0530] "GET /SessionManagement/LogoutServlet HTTP/1.1" 200 276
0:0:0:0:0:0:0:1 - - [07/Feb/2020:11:56:00 +0530] "GET /SessionManagement/index.html HTTP/1.1" 304 -
0:0:0:0:0:0:0:1 - - [07/Feb/2020:11:56:34 +0530] "GET /SessionManagement/LoginServlet?login=admiN&pswd= HTTP/1.1" 200 390
0:0:0:0:0:0:0:1 - - [07/Feb/2020:11:56:50 +0530] "GET /SessionManagement/LoginServlet?login=admin&pswd=admin123 HTTP/1.1" 200 81
0:0:0:0:0:0:0:1 - - [07/Feb/2020:11:56:51 +0530] "GET /SessionManagement/LogoutServlet HTTP/1.1" 200 276
0:0:0:0:0:0:0:1 - - [07/Feb/2020:11:56:53 +0530] "GET /SessionManagement/ProfileServlet HTTP/1.1" 200 35
0:0:0:0:0:0:0:1 - - [07/Feb/2020:12:12:06 +0530] "GET /SessionManagement/index.html HTTP/1.1" 304 -
0:0:0:0:0:0:0:1 - - [07/Feb/2020:12:17:33 +0530] "GET /SessionManagement/LogoutServlet HTTP/1.1" 200 276
0:0:0:0:0:0:0:1 - - [07/Feb/2020:12:17:33 +0530] "GET /SessionManagement/LogoutServlet HTTP/1.1" 200 276
0:0:0:0:0:0:0:1 - - [07/Feb/2020:12:17:35 +0530] "GET /SessionManagement/ProfileServlet HTTP/1.1" 200 35
127.0.0.1 - - [07/Feb/2020:12:19:11 +0530] "GET / HTTP/1.1" 404 709
0:0:0:0:0:0:0:1 - - [07/Feb/2020:12:19:11 +0530] "GET /SessionManagement/ProfileServlet HTTP/1.1" 200 35
0:0:0:0:0:0:0:1 - - [07/Feb/2020:12:19:24 +0530] "GET /SessionManagement/login.html HTTP/1.1" 304 -
0:0:0:0:0:0:0:1 - - [07/Feb/2020:12:19:35 +0530] "GET /SessionManagement/LoginServlet?login=bhanu&pswd=admin123 HTTP/1.1" 200 81
0:0:0:0:0:0:0:1 - - [07/Feb/2020:12:19:36 +0530] "GET /SessionManagement/LogoutServlet HTTP/1.1" 200 276
0:0:0:0:0:0:0:1 - - [07/Feb/2020:12:19:37 +0530] "GET /SessionManagement/ProfileServlet HTTP/1.1" 200 35
0:0:0:0:0:0:0:1 - - [07/Feb/2020:12:20:57 +0530] "GET /SessionManagement/ProfileServlet HTTP/1.1" 200 35
0:0:0:0:0:0:0:1 - - [07/Feb/2020:12:21:03 +0530] "GET /SessionManagement/index.html HTTP/1.1" 304 -
